warning example/free.go:7: INVARIANT claim is empty

example.Clamp [PRECONDITION]  ✓ HOLDS (<1s)
  Source  example/clamp.go:11
  Claim   result is within [lo, hi]
  Reason  both bounds are applied

  Evidence
    example/clamp.go:12-14
    min and max apply both bounds

  Resume  codex resume codex-holds-123 (View in ChatGPT)

(*Cache).Get [INVARIANT]  ✗ VIOLATED (<1s)
  Source  example/cache.go:42
  Claim   missing keys are not reported as hits
  Reason  the zero value is reported as a hit

  Counterexample
    calling Get with an absent key returns (_, true)

  Evidence
    example/cache.go:46
    the method always returns true

  Resume  codex resume codex-violated-456 (View in ChatGPT)

example.Config [POSTCONDITION]  ? INCONCLUSIVE (<1s)
  Source  example/config.go:19
  Claim   configuration is valid
  Reason  validity depends on values loaded at runtime

  Evidence
    example/config.go:22-24
    runtime values are loaded from the environment

example.Parse [INVARIANT]  ! ERROR (<1s)
  Source  example/parse.go:31
  Claim   parsing never panics
  Reason  validation timed out after 10m0s

  Resume  codex resume codex-error-789 (View in ChatGPT)

4 claims: 1 holds, 1 violated, 1 inconclusive, 1 error
